// Jest Snapshot v1, https://goo.gl/fbAQLP

exports[`bff 1`] = `
Array [
  "A test with a multiline name",
  "beforeEach",
  "manual pass",
  "only",
  "only with test specified after name",
  "parseInt after a 1 second timeout",
  "registration [ONE]",
  "registration [TWO]",
  "second snapshot pass",
  "sleep",
  "snapshot pass",
  "strict equality",
  "tags second call",
  "warn pass",
]
`;

exports[`bff 2`] = `
Array [
  "afterEach: manual failure",
  "manual fail inside of try-catch: manual failure",
  "manual fail with reason: because reasons",
  "manual fail: manual failure",
  "no assertions: no assertions made",
  "parseInt with the wrong base: expect(received).toBe(expected) // Object.is equality

Expected: 2
Received: NaN",
  "snapshot fail: expect(received).toMatchSnapshot()

Snapshot name: \`snapshot fail 1\`

- Snapshot
+ Received

@@ -1,8 +1,8 @@
  <html>
    <head>
-     <title>Demo</title>
+     <title>Dema</title>
    </head>
    <body>
      <main>
        <h1>Demo</h1>
      </main>",
  "tags: expect(received).toContain(expected) // indexOf

Expected value: 3
Received array: [1, 2]",
  "timeout: test reached timeout of 5000 milliseconds",
]
`;

exports[`bff 3`] = `
Array [
  "warn fail: manual failure",
]
`;

exports[`bff 4`] = `
Array [
  "skip no assertions",
  "skip via only",
  "skip with no test function",
  "skip with test specified after name",
]
`;
